/tmp/g2scratch/battery/FT02-ipdInverse-twoPoint-sensitivity__aesop.lean:54:2: warning: aesop: failed to prove the goal after exhaustive search.
/tmp/g2scratch/battery/FT02-ipdInverse-twoPoint-sensitivity__aesop.lean:53:93: error: unsolved goals
case left
a1 a2 b l1 l2 q : ℝ
ha1 : 0 < a1
hb : 0 ≤ b
hq : q < 1
h1 : ipdLogMap a1 b l1 = l1
h2 : ipdLogMap a2 b l2 = l2
ha : a1 ≤ a2
hreg : b * Real.exp (max l1 l2 / 2) / 2 ≤ q
⊢ Real.log a2 ≤ l2 - l1 + Real.log a1

case right
a1 a2 b l1 l2 q : ℝ
ha1 : 0 < a1
hb : 0 ≤ b
hq : q < 1
h1 : ipdLogMap a1 b l1 = l1
h2 : ipdLogMap a2 b l2 = l2
ha : a1 ≤ a2
hreg : b * Real.exp (max l1 l2 / 2) / 2 ≤ q
⊢ l2 ≤ (Real.log a2 - Real.log a1) / (1 - q) + l1
rc=1
