/tmp/stmtfix/battery/FT09-affine-gA-observational-equiv__simp.lean:59:74: error: unsolved goals
ι : Type u_1
inst✝¹ : Fintype ι
inst✝ : Nonempty ι
kB T N Fcal α b : ℝ
g E A A' : ι → ℝ
hkB : 0 < kB
hT : 0 < T
hg : ∀ (k : ι), 0 < g k
hA : ∀ (k : ι), 0 < A k
hN : 0 < N
haff : ∀ (k : ι), A' k = A k * Real.exp (-(α + b * E k))
hb : b * (kB * T) < 1
⊢ ∃ T',
    0 < T' ∧
      ∃ x,
        0 < x ∧
          T'⁻¹ * kB⁻¹ = T⁻¹ * kB⁻¹ - b ∧
            ∀ (k : ι),
              Real.log (lineIntensity kB T N Fcal g E A k / (g k * A' k)) =
                Real.log (lineIntensity kB T' x Fcal g E A k / (g k * A k))
rc=1
